L= 128 float32 eager       ok           0.17236799746751785
L= 128 float32 sdpa_math   ok           0.25857600569725037
L= 128 float32 sdpa_auto   ok           0.02801600005477667
L= 128 float32 sdpa_flash  unsupported: No available kernel. Aborting execution. None
L= 128 float32 sdpa_efficient ok           0.05571199953556061
L= 128 float32 sdpa_cudnn  unsupported: No available kernel. Aborting execution. None
L= 128 float16 eager       ok           0.5063040256500244
L= 128 float16 sdpa_math   ok           0.8338239789009094
L= 128 float16 sdpa_auto   ok           0.05939199961721897
L= 128 float16 sdpa_flash  unsupported: No available kernel. Aborting execution. None
L= 128 float16 sdpa_efficient ok           0.12268800288438797
L= 128 float16 sdpa_cudnn  ok           0.06216000020503998
L= 256 float32 eager       ok           0.14575999975204468
L= 256 float32 sdpa_math   ok           0.22331199795007706
L= 256 float32 sdpa_auto   ok           0.031328000128269196
L= 256 float32 sdpa_flash  unsupported: No available kernel. Aborting execution. None
L= 256 float32 sdpa_efficient ok           0.055135998874902725
L= 256 float32 sdpa_cudnn  unsupported: No available kernel. Aborting execution. None
L= 256 float16 eager       ok           0.14958400279283524
L= 256 float16 sdpa_math   ok           0.25835199654102325
L= 256 float16 sdpa_auto   ok           0.025439999997615814
L= 256 float16 sdpa_flash  unsupported: No available kernel. Aborting execution. None
L= 256 float16 sdpa_efficient ok           0.048895999789237976
L= 256 float16 sdpa_cudnn  ok           0.06392000243067741
L= 512 float32 eager       ok           0.1483519971370697
L= 512 float32 sdpa_math   ok           0.21502400189638138
L= 512 float32 sdpa_auto   ok           0.05766399949789047
L= 512 float32 sdpa_flash  unsupported: No available kernel. Aborting execution. None
L= 512 float32 sdpa_efficient ok           0.05766399949789047
L= 512 float32 sdpa_cudnn  unsupported: No available kernel. Aborting execution. None
L= 512 float16 eager       ok           0.1549760028719902
L= 512 float16 sdpa_math   ok           0.26343999803066254
L= 512 float16 sdpa_auto   ok           0.028224000707268715
L= 512 float16 sdpa_flash  unsupported: No available kernel. Aborting execution. None
L= 512 float16 sdpa_efficient ok           0.04927999898791313
L= 512 float16 sdpa_cudnn  ok           0.06425599753856659
L=1024 float32 eager       ok           0.3474079966545105
L=1024 float32 sdpa_math   ok           0.4392160028219223
L=1024 float32 sdpa_auto   ok           0.20188799500465393
L=1024 float32 sdpa_flash  unsupported: No available kernel. Aborting execution. None
L=1024 float32 sdpa_efficient ok           0.18449600040912628
L=1024 float32 sdpa_cudnn  unsupported: No available kernel. Aborting execution. None
L=1024 float16 eager       ok           0.18748800456523895
L=1024 float16 sdpa_math   ok           0.47291199862957
L=1024 float16 sdpa_auto   ok           0.08502399921417236
L=1024 float16 sdpa_flash  unsupported: No available kernel. Aborting execution. None
L=1024 float16 sdpa_efficient ok           0.07916799932718277
L=1024 float16 sdpa_cudnn  ok           0.10830399766564369
Saved 48 rows to E:\AAAprogramworking\suanzi\attention-kernel-lab\results\2026-10-01-rtx5070-laptop\repeat-02
E:\AAAprogramworking\suanzi\.venv\Lib\site-packages\torch\_subclasses\functional_tensor.py:283: UserWarning: Failed to initialize NumPy: No module named 'numpy' (Triggered internally at C:\actions-runner\_work\pytorch\pytorch\pytorch\torch\csrc\utils\tensor_numpy.cpp:84.)
  cpu = _conversion_method_template(device=torch.device("cpu"))
