L= 128 float32 eager       ok           0.16219200193881989
L= 128 float32 sdpa_math   ok           0.31963199377059937
L= 128 float32 sdpa_auto   ok           0.02731199935078621
L= 128 float32 sdpa_flash  unsupported: No available kernel. Aborting execution. None
L= 128 float32 sdpa_efficient ok           0.061983998864889145
L= 128 float32 sdpa_cudnn  unsupported: No available kernel. Aborting execution. None
L= 128 float16 eager       ok           0.1536320000886917
L= 128 float16 sdpa_math   ok           0.27487999200820923
L= 128 float16 sdpa_auto   ok           0.04134400002658367
L= 128 float16 sdpa_flash  unsupported: No available kernel. Aborting execution. None
L= 128 float16 sdpa_efficient ok           0.08342400193214417
L= 128 float16 sdpa_cudnn  ok           0.06192000024020672
L= 256 float32 eager       ok           0.15508799999952316
L= 256 float32 sdpa_math   ok           0.22777600586414337
L= 256 float32 sdpa_auto   ok           0.03110400028526783
L= 256 float32 sdpa_flash  unsupported: No available kernel. Aborting execution. None
L= 256 float32 sdpa_efficient ok           0.05518399924039841
L= 256 float32 sdpa_cudnn  unsupported: No available kernel. Aborting execution. None
L= 256 float16 eager       ok           0.15772800147533417
L= 256 float16 sdpa_math   ok           0.2730240076780319
L= 256 float16 sdpa_auto   ok           0.025599999353289604
L= 256 float16 sdpa_flash  unsupported: No available kernel. Aborting execution. None
L= 256 float16 sdpa_efficient ok           0.049616001546382904
L= 256 float16 sdpa_cudnn  ok           0.06299200281500816
L= 512 float32 eager       ok           0.34027199447155
L= 512 float32 sdpa_math   ok           0.5672959983348846
L= 512 float32 sdpa_auto   ok           0.05798399820923805
L= 512 float32 sdpa_flash  unsupported: No available kernel. Aborting execution. None
L= 512 float32 sdpa_efficient ok           0.09696000069379807
L= 512 float32 sdpa_cudnn  unsupported: No available kernel. Aborting execution. None
L= 512 float16 eager       ok           0.38388799130916595
L= 512 float16 sdpa_math   ok           0.6740959882736206
L= 512 float16 sdpa_auto   ok           0.06623999774456024
L= 512 float16 sdpa_flash  unsupported: No available kernel. Aborting execution. None
L= 512 float16 sdpa_efficient ok           0.05409599840641022
L= 512 float16 sdpa_cudnn  ok           0.0636960007250309
L=1024 float32 eager       ok           0.34411200881004333
L=1024 float32 sdpa_math   ok           0.4102399945259094
L=1024 float32 sdpa_auto   ok           0.22360000014305115
L=1024 float32 sdpa_flash  unsupported: No available kernel. Aborting execution. None
L=1024 float32 sdpa_efficient ok           0.1807520017027855
L=1024 float32 sdpa_cudnn  unsupported: No available kernel. Aborting execution. None
L=1024 float16 eager       ok           0.15937600284814835
L=1024 float16 sdpa_math   ok           0.47867199778556824
L=1024 float16 sdpa_auto   ok           0.09052799642086029
L=1024 float16 sdpa_flash  unsupported: No available kernel. Aborting execution. None
L=1024 float16 sdpa_efficient ok           0.07619199901819229
L=1024 float16 sdpa_cudnn  ok           0.06831999868154526
Saved 48 rows to E:\AAAprogramworking\suanzi\attention-kernel-lab\results\2026-10-01-rtx5070-laptop
E:\AAAprogramworking\suanzi\.venv\Lib\site-packages\torch\_subclasses\functional_tensor.py:283: UserWarning: Failed to initialize NumPy: No module named 'numpy' (Triggered internally at C:\actions-runner\_work\pytorch\pytorch\pytorch\torch\csrc\utils\tensor_numpy.cpp:84.)
  cpu = _conversion_method_template(device=torch.device("cpu"))
