L= 128 float32 eager       ok           0.23719999939203262
L= 128 float32 sdpa_math   ok           0.3378399908542633
L= 128 float32 sdpa_auto   ok           0.043935999274253845
L= 128 float32 sdpa_flash  unsupported: No available kernel. Aborting execution. None
L= 128 float32 sdpa_efficient ok           0.08235200121998787
L= 128 float32 sdpa_cudnn  unsupported: No available kernel. Aborting execution. None
L= 128 float16 eager       ok           0.25729601085186005
L= 128 float16 sdpa_math   ok           0.41358400881290436
L= 128 float16 sdpa_auto   ok           0.04670399986207485
L= 128 float16 sdpa_flash  unsupported: No available kernel. Aborting execution. None
L= 128 float16 sdpa_efficient ok           0.08559999987483025
L= 128 float16 sdpa_cudnn  ok           0.06148799881339073
L= 256 float32 eager       ok           0.15404799580574036
L= 256 float32 sdpa_math   ok           0.24689599871635437
L= 256 float32 sdpa_auto   ok           0.04657600075006485
L= 256 float32 sdpa_flash  unsupported: No available kernel. Aborting execution. None
L= 256 float32 sdpa_efficient ok           0.07500799745321274
L= 256 float32 sdpa_cudnn  unsupported: No available kernel. Aborting execution. None
L= 256 float16 eager       ok           0.22862400114536285
L= 256 float16 sdpa_math   ok           0.36552000045776367
L= 256 float16 sdpa_auto   ok           0.03999999910593033
L= 256 float16 sdpa_flash  unsupported: No available kernel. Aborting execution. None
L= 256 float16 sdpa_efficient ok           0.0772479996085167
L= 256 float16 sdpa_cudnn  ok           0.09529600292444229
L= 512 float32 eager       ok           0.15198399871587753
L= 512 float32 sdpa_math   ok           0.21942400187253952
L= 512 float32 sdpa_auto   ok           0.057631999254226685
L= 512 float32 sdpa_flash  unsupported: No available kernel. Aborting execution. None
L= 512 float32 sdpa_efficient ok           0.05772799998521805
L= 512 float32 sdpa_cudnn  unsupported: No available kernel. Aborting execution. None
L= 512 float16 eager       ok           0.15640000253915787
L= 512 float16 sdpa_math   ok           0.2629760056734085
L= 512 float16 sdpa_auto   ok           0.027952000498771667
L= 512 float16 sdpa_flash  unsupported: No available kernel. Aborting execution. None
L= 512 float16 sdpa_efficient ok           0.05297600105404854
L= 512 float16 sdpa_cudnn  ok           0.09604800119996071
L=1024 float32 eager       ok           0.3486879914999008
L=1024 float32 sdpa_math   ok           0.4591359943151474
L=1024 float32 sdpa_auto   ok           0.21449600160121918
L=1024 float32 sdpa_flash  unsupported: No available kernel. Aborting execution. None
L=1024 float32 sdpa_efficient ok           0.17868799716234207
L=1024 float32 sdpa_cudnn  unsupported: No available kernel. Aborting execution. None
L=1024 float16 eager       ok           0.15624000132083893
L=1024 float16 sdpa_math   ok           0.47148799896240234
L=1024 float16 sdpa_auto   ok           0.09232000261545181
L=1024 float16 sdpa_flash  unsupported: No available kernel. Aborting execution. None
L=1024 float16 sdpa_efficient ok           0.08844800293445587
L=1024 float16 sdpa_cudnn  ok           0.10276800021529198
Saved 48 rows to E:\AAAprogramworking\suanzi\attention-kernel-lab\results\2026-10-01-rtx5070-laptop\repeat-03
E:\AAAprogramworking\suanzi\.venv\Lib\site-packages\torch\_subclasses\functional_tensor.py:283: UserWarning: Failed to initialize NumPy: No module named 'numpy' (Triggered internally at C:\actions-runner\_work\pytorch\pytorch\pytorch\torch\csrc\utils\tensor_numpy.cpp:84.)
  cpu = _conversion_method_template(device=torch.device("cpu"))
